// Jest Snapshot v1, https://goo.gl/fbAQLP

exports[`localeConfig should have all possible permutations of locale, language and region codes 1`] = `
[
  "ae",
  "af",
  "af-za",
  "ar",
  "ar-ae",
  "ar-bh",
  "ar-qa",
  "ar-sa",
  "at",
  "au",
  "az",
  "bd",
  "be",
  "bg",
  "bg-bg",
  "bh",
  "br",
  "ca",
  "ch",
  "cn",
  "cs",
  "cs-cz",
  "cz",
  "da",
  "da-dk",
  "de",
  "de-at",
  "de-be",
  "de-ch",
  "de-de",
  "dk",
  "ee",
  "el",
  "el-gr",
  "en",
  "en-ae",
  "en-au",
  "en-bd",
  "en-be",
  "en-bh",
  "en-ca",
  "en-cn",
  "en-de",
  "en-dk",
  "en-gb",
  "en-hk",
  "en-id",
  "en-ie",
  "en-il",
  "en-in",
  "en-jm",
  "en-jp",
  "en-kh",
  "en-kr",
  "en-lk",
  "en-mm",
  "en-mv",
  "en-my",
  "en-np",
  "en-nz",
  "en-ph",
  "en-pk",
  "en-qa",
  "en-sa",
  "en-sg",
  "en-th",
  "en-tw",
  "en-us",
  "en-vn",
  "en-za",
  "es",
  "es-419",
  "es-es",
  "es-mx",
  "et",
  "et-ee",
  "fi",
  "fi-fi",
  "fil",
  "fr",
  "fr-be",
  "fr-ca",
  "fr-ch",
  "fr-fr",
  "fr-lu",
  "ga",
  "ga-ie",
  "gb",
  "gr",
  "he",
  "he-il",
  "hi",
  "hi-in",
  "hk",
  "hr",
  "hr-hr",
  "hu",
  "hu-hu",
  "id",
  "id-id",
  "ie",
  "il",
  "in",
  "it",
  "it-it",
  "ja",
  "ja-jp",
  "jm",
  "jp",
  "kh",
  "kk",
  "ko",
  "ko-kr",
  "kr",
  "ky",
  "lk",
  "lt",
  "lt-lt",
  "lu",
  "lv",
  "lv-lv",
  "mm",
  "ms",
  "ms-my",
  "mt",
  "mt-mt",
  "mv",
  "mx",
  "my",
  "nb",
  "nb-no",
  "nl",
  "nl-be",
  "nl-nl",
  "no",
  "np",
  "nz",
  "ph",
  "pk",
  "pl",
  "pl-pl",
  "pt",
  "pt-br",
  "pt-pt",
  "qa",
  "ro",
  "ro-ro",
  "rs",
  "ru",
  "ru-ru",
  "sa",
  "se",
  "sg",
  "si",
  "sk",
  "sk-sk",
  "sl",
  "sl-si",
  "sr",
  "sr-rs",
  "sv",
  "sv-se",
  "sw",
  "th",
  "th-th",
  "tr",
  "tr-tr",
  "tw",
  "ua",
  "uk",
  "uk-ua",
  "ur",
  "ur-pk",
  "us",
  "uz",
  "vi",
  "vi-vn",
  "vn",
  "za",
  "zh",
  "zh-cn",
  "zh-hant",
  "zh-hk",
  "zh-tw",
]
`;
